
CCS@CCS-PC-15 MINGW64 ~/Desktop/BARLAAN (master)
$ git init
Initialized empty Git repository in C:/Users/CCS/Desktop/BARLAAN/.git/

CCS@CCS-PC-15 MINGW64 ~/Desktop/BARLAAN (master)
$ touch test.txt

CCS@CCS-PC-15 MINGW64 ~/Desktop/BARLAAN (master)
$ echo "this is the first" > test.txt

CCS@CCS-PC-15 MINGW64 ~/Desktop/BARLAAN (master)
$ git add .
warning: in the working copy of 'test.txt', LF will be replaced by CRLF the next time Git touches it

CCS@CCS-PC-15 MINGW64 ~/Desktop/BARLAAN (master)
$ git commit -m "this is the 1st commit"
[master (root-commit) 14a369f] this is the 1st commit
 1 file changed, 1 insertion(+)
 create mode 100644 test.txt

CCS@CCS-PC-15 MINGW64 ~/Desktop/BARLAAN (master)
$ git commit --amend --reset-author -m "resetting author"
[master 25d4c73] resetting author
 1 file changed, 1 insertion(+)
 create mode 100644 test.txt

CCS@CCS-PC-15 MINGW64 ~/Desktop/BARLAAN (master)
$ touch test.txt

CCS@CCS-PC-15 MINGW64 ~/Desktop/BARLAAN (master)
$ echo "this is the second" > test.txt

CCS@CCS-PC-15 MINGW64 ~/Desktop/BARLAAN (master)
$ git status
On branch master
Changes not staged for commit:
  (use "git add <file>..." to update what will be committed)
  (use "git restore <file>..." to discard changes in working directory)
        modified:   test.txt

no changes added to commit (use "git add" and/or "git commit -a")

CCS@CCS-PC-15 MINGW64 ~/Desktop/BARLAAN (master)
$ git add .
warning: in the working copy of 'test.txt', LF will be replaced by CRLF the next time Git touches it

CCS@CCS-PC-15 MINGW64 ~/Desktop/BARLAAN (master)
$ git commit -m "this is the second commit"
[master 0e719c1] this is the second commit
 1 file changed, 1 insertion(+), 1 deletion(-)

CCS@CCS-PC-15 MINGW64 ~/Desktop/BARLAAN (master)
$ git config --global user.name "Arynne Barlaan"

CCS@CCS-PC-15 MINGW64 ~/Desktop/BARLAAN (master)
$ git config --global user.email "arynnebarlaan21@gmail.com"

CCS@CCS-PC-15 MINGW64 ~/Desktop/BARLAAN (master)
$ git clone https://github.com/amillet2001/TSM3A
Cloning into 'TSM3A'...
remote: Enumerating objects: 309, done.
remote: Counting objects: 100% (82/82), done.
remote: Compressing objects: 100% (70/70), done.
remote: Total 309 (delta 17), reused 40 (delta 6), pack-reused 227
Receiving objects: 100% (309/309), 129.65 KiB | 10.80 MiB/s, done.
Resolving deltas: 100% (83/83), done.

CCS@CCS-PC-15 MINGW64 ~/Desktop/BARLAAN (master)
$ ls
TSM3A/  test.txt

CCS@CCS-PC-15 MINGW64 ~/Desktop/BARLAAN (master)
$ git checkout -b barlaan-iptq1
Switched to a new branch 'barlaan-iptq1'

CCS@CCS-PC-15 MINGW64 ~/Desktop/BARLAAN (barlaan-iptq1)
$ mkdir 2021300005

CCS@CCS-PC-15 MINGW64 ~/Desktop/BARLAAN (barlaan-iptq1)
$ touch Arynne.txt

CCS@CCS-PC-15 MINGW64 ~/Desktop/BARLAAN (barlaan-iptq1)
$ git add .
warning: adding embedded git repository: TSM3A
hint: You've added another git repository inside your current repository.
hint: Clones of the outer repository will not contain the contents of
hint: the embedded repository and will not know how to obtain it.
hint: If you meant to add a submodule, use:
hint:
hint:   git submodule add <url> TSM3A
hint:
hint: If you added this path by mistake, you can remove it from the
hint: index with:
hint:
hint:   git rm --cached TSM3A
hint:
hint: See "git help submodule" for more information.

CCS@CCS-PC-15 MINGW64 ~/Desktop/BARLAAN (barlaan-iptq1)
$ git commit -m "1st branch commit"
[barlaan-iptq1 95d1ffc] 1st branch commit
 2 files changed, 1 insertion(+)
 create mode 100644 Arynne.txt
 create mode 160000 TSM3A

CCS@CCS-PC-15 MINGW64 ~/Desktop/BARLAAN (barlaan-iptq1)
$ git push -u origin barlaam-iptq1
error: src refspec barlaam-iptq1 does not match any
error: failed to push some refs to 'origin'

CCS@CCS-PC-15 MINGW64 ~/Desktop/BARLAAN (barlaan-iptq1)
$ git push -u origin barlaan-iptq1
fatal: 'origin' does not appear to be a git repository
fatal: Could not read from remote repository.

Please make sure you have the correct access rights
and the repository exists.

CCS@CCS-PC-15 MINGW64 ~/Desktop/BARLAAN (barlaan-iptq1)
$ ls
2021300005/  Arynne.txt  TSM3A/  test.txt

CCS@CCS-PC-15 MINGW64 ~/Desktop/BARLAAN (barlaan-iptq1)
$ cd TSM3A

CCS@CCS-PC-15 MINGW64 ~/Desktop/BARLAAN/TSM3A (main)
$ git push -u origin barlaan-iptq1
error: src refspec barlaan-iptq1 does not match any
error: failed to push some refs to 'https://github.com/amillet2001/TSM3A'

CCS@CCS-PC-15 MINGW64 ~/Desktop/BARLAAN/TSM3A (main)
$ git checkout -b barlaan-iptq1
Switched to a new branch 'barlaan-iptq1'

CCS@CCS-PC-15 MINGW64 ~/Desktop/BARLAAN/TSM3A (barlaan-iptq1)
$ mkdir 2021300005

CCS@CCS-PC-15 MINGW64 ~/Desktop/BARLAAN/TSM3A (barlaan-iptq1)
$ touch Arynne.txt

CCS@CCS-PC-15 MINGW64 ~/Desktop/BARLAAN/TSM3A (barlaan-iptq1)
$ git add .

CCS@CCS-PC-15 MINGW64 ~/Desktop/BARLAAN/TSM3A (barlaan-iptq1)
$ git commit -m "1st branch commit"
[barlaan-iptq1 f22fe2c] 1st branch commit
 1 file changed, 0 insertions(+), 0 deletions(-)
 create mode 100644 Arynne.txt

CCS@CCS-PC-15 MINGW64 ~/Desktop/BARLAAN/TSM3A (barlaan-iptq1)
$ git push -u origin barlaan-iptq1


Enumerating objects: 4, done.
Counting objects: 100% (4/4), done.
Delta compression using up to 4 threads
Compressing objects: 100% (2/2), done.
Writing objects: 100% (3/3), 287 bytes | 13.00 KiB/s, done.
Total 3 (delta 0), reused 1 (delta 0), pack-reused 0
remote:
remote: Create a pull request for 'barlaan-iptq1' on GitHub by visiting:
remote:      https://github.com/amillet2001/TSM3A/pull/new/barlaan-iptq1
remote:
To https://github.com/amillet2001/TSM3A
 * [new branch]      barlaan-iptq1 -> barlaan-iptq1
branch 'barlaan-iptq1' set up to track 'origin/barlaan-iptq1'.

CCS@CCS-PC-15 MINGW64 ~/Desktop/BARLAAN/TSM3A (barlaan-iptq1)
$ git add .

CCS@CCS-PC-15 MINGW64 ~/Desktop/BARLAAN/TSM3A (barlaan-iptq1)
$ git commit -m "commit for website"
On branch barlaan-iptq1
Your branch is up to date with 'origin/barlaan-iptq1'.

nothing to commit, working tree clean

CCS@CCS-PC-15 MINGW64 ~/Desktop/BARLAAN/TSM3A (barlaan-iptq1)
$ git push -u origin barlaan-iptq1
Everything up-to-date
branch 'barlaan-iptq1' set up to track 'origin/barlaan-iptq1'.

CCS@CCS-PC-15 MINGW64 ~/Desktop/BARLAAN/TSM3A (barlaan-iptq1)
$ cd desktop 2021300005
bash: cd: too many arguments

CCS@CCS-PC-15 MINGW64 ~/Desktop/BARLAAN/TSM3A (barlaan-iptq1)
$ cd 2021300005

CCS@CCS-PC-15 MINGW64 ~/Desktop/BARLAAN/TSM3A/2021300005 (barlaan-iptq1)
$ git add .

CCS@CCS-PC-15 MINGW64 ~/Desktop/BARLAAN/TSM3A/2021300005 (barlaan-iptq1)
$ git commit -m "branch commit 2"
On branch barlaan-iptq1
Your branch is up to date with 'origin/barlaan-iptq1'.

nothing to commit, working tree clean

CCS@CCS-PC-15 MINGW64 ~/Desktop/BARLAAN/TSM3A/2021300005 (barlaan-iptq1)
$ touch barlaan-logs-iptq1.txt

CCS@CCS-PC-15 MINGW64 ~/Desktop/BARLAAN/TSM3A/2021300005 (barlaan-iptq1)
$
