
STUDENT-PC1@322-PC1 MINGW64 ~ (master)
$ mkdir EADizon

STUDENT-PC1@322-PC1 MINGW64 ~ (master)
$ git init
Reinitialized existing Git repository in C:/Users/STUDENT-PC1/.git/

STUDENT-PC1@322-PC1 MINGW64 ~ (master)
$ cd EADizon

STUDENT-PC1@322-PC1 MINGW64 ~/EADizon (master)
$ touch test.txt

STUDENT-PC1@322-PC1 MINGW64 ~/EADizon (master)
$ git add test.txt

STUDENT-PC1@322-PC1 MINGW64 ~/EADizon (master)
$ git commit -m "1st commit"
[master (root-commit) 76c213a] 1st commit
 1 file changed, 0 insertions(+), 0 deletions(-)
 create mode 100644 EADizon/test.txt

STUDENT-PC1@322-PC1 MINGW64 ~/EADizon (master)
$ git config --global user.name "Dizon Eunice"
warning: user.name has multiple values
error: cannot overwrite multiple values with a single value
       Use a regexp, --add or --replace-all to change user.name.

STUDENT-PC1@322-PC1 MINGW64 ~/EADizon (master)
$ git config --global user.name "EuniceDizon"
warning: user.name has multiple values
error: cannot overwrite multiple values with a single value
       Use a regexp, --add or --replace-all to change user.name.

STUDENT-PC1@322-PC1 MINGW64 ~/EADizon (master)
$ git commit --ammend --reset-author -m "resetting author"
error: unknown option `ammend'
usage: git commit [-a | --interactive | --patch] [-s] [-v] [-u<mode>] [--amend]
                  [--dry-run] [(-c | -C | --squash) <commit> | --fixup [(amend|reword):]<commit>)]
                  [-F <file> | -m <msg>] [--reset-author] [--allow-empty]
                  [--allow-empty-message] [--no-verify] [-e] [--author=<author>]
                  [--date=<date>] [--cleanup=<mode>] [--[no-]status]
                  [-i | -o] [--pathspec-from-file=<file> [--pathspec-file-nul]]
                  [(--trailer <token>[(=|:)<value>])...] [-S[<keyid>]]
                  [--] [<pathspec>...]

    -q, --[no-]quiet      suppress summary after successful commit
    -v, --[no-]verbose    show diff in commit message template

Commit message options
    -F, --[no-]file <file>
                          read message from file
    --[no-]author <author>
                          override author for commit
    --[no-]date <date>    override date for commit
    -m, --[no-]message <message>
                          commit message
    -c, --[no-]reedit-message <commit>
                          reuse and edit message from specified commit
    -C, --[no-]reuse-message <commit>
                          reuse message from specified commit
    --[no-]fixup [(amend|reword):]commit
                          use autosquash formatted message to fixup or amend/reword specified commit
    --[no-]squash <commit>
                          use autosquash formatted message to squash specified commit
    --[no-]reset-author   the commit is authored by me now (used with -C/-c/--amend)
    --trailer <trailer>   add custom trailer(s)
    -s, --[no-]signoff    add a Signed-off-by trailer
    -t, --[no-]template <file>
                          use specified template file
    -e, --[no-]edit       force edit of commit
    --[no-]cleanup <mode> how to strip spaces and #comments from message
    --[no-]status         include status in commit message template
    -S, --[no-]gpg-sign[=<key-id>]
                          GPG sign commit

Commit contents options
    -a, --[no-]all        commit all changed files
    -i, --[no-]include    add specified files to index for commit
    --[no-]interactive    interactively add files
    -p, --[no-]patch      interactively add changes
    -o, --[no-]only       commit only specified files
    -n, --no-verify       bypass pre-commit and commit-msg hooks
    --verify              opposite of --no-verify
    --[no-]dry-run        show what would be committed
    --[no-]short          show status concisely
    --[no-]branch         show branch information
    --[no-]ahead-behind   compute full ahead/behind values
    --[no-]porcelain      machine-readable output
    --[no-]long           show status in long format (default)
    -z, --[no-]null       terminate entries with NUL
    --[no-]amend          amend previous commit
    --no-post-rewrite     bypass post-rewrite hook
    --post-rewrite        opposite of --no-post-rewrite
    -u, --[no-]untracked-files[=<mode>]
                          show untracked files, optional modes: all, normal, no. (Default: all)
    --[no-]pathspec-from-file <file>
                          read pathspec from file
    --[no-]pathspec-file-nul
                          with --pathspec-from-file, pathspec elements are separated with NUL character


STUDENT-PC1@322-PC1 MINGW64 ~/EADizon (master)
$ git commit --amend --reset-author -m "resetting author"
[master dcbc542] resetting author
 1 file changed, 0 insertions(+), 0 deletions(-)
 create mode 100644 EADizon/test.txt

STUDENT-PC1@322-PC1 MINGW64 ~/EADizon (master)
$ echo "uno please " test.txt
uno please  test.txt

STUDENT-PC1@322-PC1 MINGW64 ~/EADizon (master)
$ git config --global user.name "Dizon Eunice A"
warning: user.name has multiple values
error: cannot overwrite multiple values with a single value
       Use a regexp, --add or --replace-all to change user.name.

STUDENT-PC1@322-PC1 MINGW64 ~/EADizon (master)
$ git config --global user.email Dizoneunice@gmail.com

STUDENT-PC1@322-PC1 MINGW64 ~/EADizon (master)
$ git clone https://github.com/amillet2001/TSM3A
Cloning into 'TSM3A'...
remote: Enumerating objects: 303, done.
remote: Counting objects: 100% (76/76), done.
remote: Compressing objects: 100% (66/66), done.
remote: Total 303 (delta 17), reused 34 (delta 6), pack-reused 227
Receiving objects: 100% (303/303), 129.06 KiB | 3.40 MiB/s, done.
Resolving deltas: 100% (83/83), done.

STUDENT-PC1@322-PC1 MINGW64 ~/EADizon (master)
$ cd TSM3A

STUDENT-PC1@322-PC1 MINGW64 ~/EADizon/TSM3A (main)
$ mkdir EDizon

STUDENT-PC1@322-PC1 MINGW64 ~/EADizon/TSM3A (main)
$ git checkout -b Dizon-iptq1
Switched to a new branch 'Dizon-iptq1'

STUDENT-PC1@322-PC1 MINGW64 ~/EADizon/TSM3A (Dizon-iptq1)
$ mkdir 2021300322

STUDENT-PC1@322-PC1 MINGW64 ~/EADizon/TSM3A (Dizon-iptq1)
$ touch Eunice.txt

STUDENT-PC1@322-PC1 MINGW64 ~/EADizon/TSM3A (Dizon-iptq1)
$ git add Eunice.txt

STUDENT-PC1@322-PC1 MINGW64 ~/EADizon/TSM3A (Dizon-iptq1)
$ git commit -m "my 2nd commit"
[Dizon-iptq1 fe10d83] my 2nd commit
 1 file changed, 0 insertions(+), 0 deletions(-)
 create mode 100644 Eunice.txt

STUDENT-PC1@322-PC1 MINGW64 ~/EADizon/TSM3A (Dizon-iptq1)
$ git push origin Dizon-iptq1
Enumerating objects: 4, done.
Counting objects: 100% (4/4), done.
Delta compression using up to 6 threads
Compressing objects: 100% (2/2), done.
Writing objects: 100% (3/3), 280 bytes | 280.00 KiB/s, done.
Total 3 (delta 0), reused 1 (delta 0), pack-reused 0
remote:
remote: Create a pull request for 'Dizon-iptq1' on GitHub by visiting:
remote:      https://github.com/amillet2001/TSM3A/pull/new/Dizon-iptq1
remote:
To https://github.com/amillet2001/TSM3A
 * [new branch]      Dizon-iptq1 -> Dizon-iptq1

STUDENT-PC1@322-PC1 MINGW64 ~/EADizon/TSM3A (Dizon-iptq1)
$ cd ^C

STUDENT-PC1@322-PC1 MINGW64 ~/EADizon/TSM3A (Dizon-iptq1)
$ cd 2021300322

STUDENT-PC1@322-PC1 MINGW64 ~/EADizon/TSM3A/2021300322 (Dizon-iptq1)
$ git add .

STUDENT-PC1@322-PC1 MINGW64 ~/EADizon/TSM3A/2021300322 (Dizon-iptq1)
$ git commit -m "3rd Commit"
[Dizon-iptq1 53dca45] 3rd Commit
 2 files changed, 33 insertions(+)
 create mode 100644 2021300322/158820713.jpg
 create mode 100644 2021300322/2021300322-profile.html

STUDENT-PC1@322-PC1 MINGW64 ~/EADizon/TSM3A/2021300322 (Dizon-iptq1)
$ ls
158820713.jpg  2021300322-profile.html

STUDENT-PC1@322-PC1 MINGW64 ~/EADizon/TSM3A/2021300322 (Dizon-iptq1)
$ git push -u origin Dizon-iptq1
Enumerating objects: 6, done.
Counting objects: 100% (6/6), done.
Delta compression using up to 6 threads
Compressing objects: 100% (5/5), done.
Writing objects: 100% (5/5), 42.73 KiB | 21.36 MiB/s, done.
Total 5 (delta 0), reused 0 (delta 0), pack-reused 0
To https://github.com/amillet2001/TSM3A
   fe10d83..53dca45  Dizon-iptq1 -> Dizon-iptq1
branch 'Dizon-iptq1' set up to track 'origin/Dizon-iptq1'.

STUDENT-PC1@322-PC1 MINGW64 ~/EADizon/TSM3A/2021300322 (Dizon-iptq1)
$
